Archive member included to satisfy reference by file (symbol)

.pio/build/int-test-blower/libaa8/libnanopb.a(pb_decode.o)
                              .pio/build/int-test-blower/src/lib/core/comms.o (pb_istream_from_buffer)
.pio/build/int-test-blower/libaa8/libnanopb.a(pb_encode.o)
                              .pio/build/int-test-blower/src/lib/core/comms.o (pb_ostream_from_buffer)
.pio/build/int-test-blower/libaa8/libnanopb.a(pb_common.o)
                              .pio/build/int-test-blower/libaa8/libnanopb.a(pb_decode.o) (pb_field_iter_begin)
.pio/build/int-test-blower/libcc6/libnetwork_protocol.a(network_protocol.pb.o)
                              .pio/build/int-test-blower/src/lib/core/comms.o (ControllerStatus_msg)
/Users/jlebar/.platformio/packages/toolchain-gccarmnoneeabi/bin/../lib/gcc/arm-none-eabi/9.2.1/thumb/v7e-m+fp/hard/libgcc.a(_arm_muldf3.o)
                              .pio/build/int-test-blower/src/lib/hal/hal_stm32.o (__aeabi_dmul)
/Users/jlebar/.platformio/packages/toolchain-gccarmnoneeabi/bin/../lib/gcc/arm-none-eabi/9.2.1/thumb/v7e-m+fp/hard/libgcc.a(_arm_addsubdf3.o)
                              .pio/build/int-test-blower/src/lib/hal/hal_stm32.o (__aeabi_i2d)
/Users/jlebar/.platformio/packages/toolchain-gccarmnoneeabi/bin/../lib/gcc/arm-none-eabi/9.2.1/thumb/v7e-m+fp/hard/libgcc.a(_arm_cmpdf2.o)
                              .pio/build/int-test-blower/src/lib/hal/stepper.o (__aeabi_dcmplt)
/Users/jlebar/.platformio/packages/toolchain-gccarmnoneeabi/bin/../lib/gcc/arm-none-eabi/9.2.1/thumb/v7e-m+fp/hard/libgcc.a(_arm_fixdfsi.o)
                              .pio/build/int-test-blower/src/lib/hal/hal_stm32.o (__aeabi_d2iz)
/Users/jlebar/.platformio/packages/toolchain-gccarmnoneeabi/bin/../lib/gcc/arm-none-eabi/9.2.1/thumb/v7e-m+fp/hard/libgcc.a(_arm_truncdfsf2.o)
                              .pio/build/int-test-blower/src/lib/debug/sprintf.o (__aeabi_d2f)
/Users/jlebar/.platformio/packages/toolchain-gccarmnoneeabi/bin/../lib/gcc/arm-none-eabi/9.2.1/thumb/v7e-m+fp/hard/libgcc.a(_arm_addsubsf3.o)
                              .pio/build/int-test-blower/src/lib/core/blower_fsm.o (__aeabi_l2f)
/Users/jlebar/.platformio/packages/toolchain-gccarmnoneeabi/bin/../lib/gcc/arm-none-eabi/9.2.1/thumb/v7e-m+fp/hard/libgcc.a(_fixsfdi.o)
                              .pio/build/int-test-blower/src/lib/core/blower_fsm.o (__aeabi_f2lz)
/Users/jlebar/.platformio/packages/toolchain-gccarmnoneeabi/bin/../lib/gcc/arm-none-eabi/9.2.1/thumb/v7e-m+fp/hard/libgcc.a(_fixunssfdi.o)
                              /Users/jlebar/.platformio/packages/toolchain-gccarmnoneeabi/bin/../lib/gcc/arm-none-eabi/9.2.1/thumb/v7e-m+fp/hard/libgcc.a(_fixsfdi.o) (__aeabi_f2ulz)
/Users/jlebar/.platformio/packages/toolchain-gccarmnoneeabi/bin/../lib/gcc/arm-none-eabi/9.2.1/thumb/v7e-m+fp/hard/libgcc.a(_arm_fixunsdfsi.o)
                              /Users/jlebar/.platformio/packages/toolchain-gccarmnoneeabi/bin/../lib/gcc/arm-none-eabi/9.2.1/thumb/v7e-m+fp/hard/libgcc.a(_fixunssfdi.o) (__aeabi_d2uiz)
/Users/jlebar/.platformio/packages/toolchain-gccarmnoneeabi/bin/../lib/gcc/arm-none-eabi/9.2.1/../../../../arm-none-eabi/lib/thumb/v7e-m+fp/hard/libm.a(lib_a-sf_floor.o)
                              .pio/build/int-test-blower/src/lib/debug/sprintf.o (floorf)
/Users/jlebar/.platformio/packages/toolchain-gccarmnoneeabi/bin/../lib/gcc/arm-none-eabi/9.2.1/../../../../arm-none-eabi/lib/thumb/v7e-m+fp/hard/libm.a(lib_a-wf_log10.o)
                              .pio/build/int-test-blower/src/lib/debug/sprintf.o (log10f)
/Users/jlebar/.platformio/packages/toolchain-gccarmnoneeabi/bin/../lib/gcc/arm-none-eabi/9.2.1/../../../../arm-none-eabi/lib/thumb/v7e-m+fp/hard/libm.a(lib_a-wf_pow.o)
                              .pio/build/int-test-blower/src/lib/debug/sprintf.o (powf)
/Users/jlebar/.platformio/packages/toolchain-gccarmnoneeabi/bin/../lib/gcc/arm-none-eabi/9.2.1/../../../../arm-none-eabi/lib/thumb/v7e-m+fp/hard/libm.a(lib_a-wf_sqrt.o)
                              .pio/build/int-test-blower/src/lib/core/sensors.o (sqrtf)
/Users/jlebar/.platformio/packages/toolchain-gccarmnoneeabi/bin/../lib/gcc/arm-none-eabi/9.2.1/../../../../arm-none-eabi/lib/thumb/v7e-m+fp/hard/libm.a(lib_a-ef_log10.o)
                              /Users/jlebar/.platformio/packages/toolchain-gccarmnoneeabi/bin/../lib/gcc/arm-none-eabi/9.2.1/../../../../arm-none-eabi/lib/thumb/v7e-m+fp/hard/libm.a(lib_a-wf_log10.o) (__ieee754_log10f)
/Users/jlebar/.platformio/packages/toolchain-gccarmnoneeabi/bin/../lib/gcc/arm-none-eabi/9.2.1/../../../../arm-none-eabi/lib/thumb/v7e-m+fp/hard/libm.a(lib_a-ef_pow.o)
                              /Users/jlebar/.platformio/packages/toolchain-gccarmnoneeabi/bin/../lib/gcc/arm-none-eabi/9.2.1/../../../../arm-none-eabi/lib/thumb/v7e-m+fp/hard/libm.a(lib_a-wf_pow.o) (__ieee754_powf)
[...]
Memory Configuration

Name             Origin             Length             Attributes
RAM              0x0000000020000000 0x0000000000028000 xrw
FLASH            0x0000000008000000 0x0000000000080000 xr
*default*        0x0000000000000000 0xffffffffffffffff

Linker script and memory map

LOAD /Users/jlebar/.platformio/packages/toolchain-gccarmnoneeabi/bin/../lib/gcc/arm-none-eabi/9.2.1/thumb/v7e-m+fp/hard/crti.o
LOAD /Users/jlebar/.platformio/packages/toolchain-gccarmnoneeabi/bin/../lib/gcc/arm-none-eabi/9.2.1/thumb/v7e-m+fp/hard/crtbegin.o
LOAD /Users/jlebar/.platformio/packages/toolchain-gccarmnoneeabi/bin/../lib/gcc/arm-none-eabi/9.2.1/../../../../arm-none-eabi/lib/thumb/v7e-m+fp/hard/crt0.o
LOAD .pio/build/int-test-blower/src/integration_tests/main.o
LOAD .pio/build/int-test-blower/src/integration_tests/pure_virtual.o
LOAD .pio/build/int-test-blower/src/lib/core/actuators.o
LOAD .pio/build/int-test-blower/src/lib/core/blower_fsm.o
LOAD .pio/build/int-test-blower/src/lib/core/comms.o
LOAD .pio/build/int-test-blower/src/lib/core/controller.o
LOAD .pio/build/int-test-blower/src/lib/core/flow_integrator.o
LOAD .pio/build/int-test-blower/src/lib/core/pinch_valve.o
LOAD .pio/build/int-test-blower/src/lib/core/sensors.o
LOAD .pio/build/int-test-blower/src/lib/debug/debug.o
LOAD .pio/build/int-test-blower/src/lib/debug/pb_read_cmd.o
LOAD .pio/build/int-test-blower/src/lib/debug/peek_cmd.o
LOAD .pio/build/int-test-blower/src/lib/debug/poke_cmd.o
LOAD .pio/build/int-test-blower/src/lib/debug/sprintf.o
LOAD .pio/build/int-test-blower/src/lib/debug/trace.o
LOAD .pio/build/int-test-blower/src/lib/debug/trace_cmd.o
LOAD .pio/build/int-test-blower/src/lib/debug/var_cmd.o
LOAD .pio/build/int-test-blower/src/lib/debug/vars.o
LOAD .pio/build/int-test-blower/src/lib/hal/adc.o
LOAD .pio/build/int-test-blower/src/lib/hal/buzzer.o
LOAD .pio/build/int-test-blower/src/lib/hal/hal.o
LOAD .pio/build/int-test-blower/src/lib/hal/hal_stm32.o
LOAD .pio/build/int-test-blower/src/lib/hal/psol.o
LOAD .pio/build/int-test-blower/src/lib/hal/startup_stm32l452xx.o
LOAD .pio/build/int-test-blower/src/lib/hal/stepper.o
LOAD .pio/build/int-test-blower/src/lib/hal/uart_dma.o
LOAD .pio/build/int-test-blower/src/lib/pid/pid.o
LOAD .pio/build/int-test-blower/src/lib/stl/algorithm.o
START GROUP
LOAD .pio/build/int-test-blower/libeb1/libstl.a
LOAD .pio/build/int-test-blower/lib08f/libunits.a
LOAD .pio/build/int-test-blower/lib85e/libchecksum.a
LOAD .pio/build/int-test-blower/libaa8/libnanopb.a
LOAD .pio/build/int-test-blower/libcc6/libnetwork_protocol.a
LOAD .pio/build/int-test-blower/lib827/libpid.a
LOAD .pio/build/int-test-blower/lib5fe/libdebug.a
LOAD .pio/build/int-test-blower/libda9/libcore.a
LOAD .pio/build/int-test-blower/lib5ce/libhal.a
LOAD /Users/jlebar/.platformio/packages/toolchain-gccarmnoneeabi/bin/../lib/gcc/arm-none-eabi/9.2.1/thumb/v7e-m+fp/hard/libgcc.a
LOAD /Users/jlebar/.platformio/packages/toolchain-gccarmnoneeabi/bin/../lib/gcc/arm-none-eabi/9.2.1/../../../../arm-none-eabi/lib/thumb/v7e-m+fp/hard/libstdc++.a
END GROUP
LOAD /Users/jlebar/.platformio/packages/toolchain-gccarmnoneeabi/bin/../lib/gcc/arm-none-eabi/9.2.1/../../../../arm-none-eabi/lib/thumb/v7e-m+fp/hard/libstdc++.a
LOAD /Users/jlebar/.platformio/packages/toolchain-gccarmnoneeabi/bin/../lib/gcc/arm-none-eabi/9.2.1/../../../../arm-none-eabi/lib/thumb/v7e-m+fp/hard/libm.a
LOAD /Users/jlebar/.platformio/packages/toolchain-gccarmnoneeabi/bin/../lib/gcc/arm-none-eabi/9.2.1/../../../../arm-none-eabi/lib/thumb/v7e-m+fp/hard/libc.a
START GROUP
LOAD /Users/jlebar/.platformio/packages/toolchain-gccarmnoneeabi/bin/../lib/gcc/arm-none-eabi/9.2.1/thumb/v7e-m+fp/hard/libgcc.a
LOAD /Users/jlebar/.platformio/packages/toolchain-gccarmnoneeabi/bin/../lib/gcc/arm-none-eabi/9.2.1/../../../../arm-none-eabi/lib/thumb/v7e-m+fp/hard/libc.a
END GROUP
LOAD /Users/jlebar/.platformio/packages/toolchain-gccarmnoneeabi/bin/../lib/gcc/arm-none-eabi/9.2.1/thumb/v7e-m+fp/hard/crtend.o
LOAD /Users/jlebar/.platformio/packages/toolchain-gccarmnoneeabi/bin/../lib/gcc/arm-none-eabi/9.2.1/thumb/v7e-m+fp/hard/crtn.o

.isr_vector     0x0000000008000000      0x194
                0x0000000008000000                . = ALIGN (0x4)
 *(.isr_vector)
 .isr_vector    0x0000000008000000      0x194 .pio/build/int-test-blower/src/lib/hal/hal_stm32.o
                0x0000000008000194                . = ALIGN (0x4)

.text           0x00000000080001c0     0x24f8
                0x00000000080001c0                . = ALIGN (0x4)
 *(.text)
 .text          0x00000000080001c0      0x21c /Users/jlebar/.platformio/packages/toolchain-gccarmnoneeabi/bin/../lib/gcc/arm-none-eabi/9.2.1/thumb/v7e-m+fp/hard/libgcc.a(_arm_addsubsf3.o)
                0x00000000080001c0                __aeabi_frsub
                0x00000000080001c8                __aeabi_fsub
                0x00000000080001c8                __subsf3
                0x00000000080001cc                __aeabi_fadd
                0x00000000080001cc                __addsf3
                0x000000000800032c                __aeabi_ui2f
                0x000000000800032c                __floatunsisf
                0x0000000008000334                __floatsisf
                0x0000000008000334                __aeabi_i2f
                0x0000000008000350                __aeabi_ul2f
                0x0000000008000350                __floatundisf
                0x0000000008000360                __aeabi_l2f
                0x0000000008000360                __floatdisf
 .text          0x00000000080003dc      0x134 /Users/jlebar/.platformio/packages/toolchain-gccarmnoneeabi/bin/../lib/gcc/arm-none-eabi/9.2.1/../../../../arm-none-eabi/lib/thumb/v7e-m+fp/hard/libc.a(lib_a-memcpy.o)
                0x00000000080003dc                memcpy
 *fill*         0x0000000008000510       0x30 
 .text          0x0000000008000540       0xdc /Users/jlebar/.platformio/packages/toolchain-gccarmnoneeabi/bin/../lib/gcc/arm-none-eabi/9.2.1/../../../../arm-none-eabi/lib/thumb/v7e-m+fp/hard/libc.a(lib_a-strlen.o)
                0x0000000008000540                strlen
 *(.text*)
 .text.__do_global_dtors_aux
                0x000000000800061c       0x24 /Users/jlebar/.platformio/packages/toolchain-gccarmnoneeabi/bin/../lib/gcc/arm-none-eabi/9.2.1/thumb/v7e-m+fp/hard/crtbegin.o
 .text.frame_dummy
                0x0000000008000640       0x1c /Users/jlebar/.platformio/packages/toolchain-gccarmnoneeabi/bin/../lib/gcc/arm-none-eabi/9.2.1/thumb/v7e-m+fp/hard/crtbegin.o
 .text._Z8run_testv
                0x000000000800065c       0x7c .pio/build/int-test-blower/src/integration_tests/main.o
                0x000000000800065c                run_test()
 .text.startup.main
                0x00000000080006d8        0x6 .pio/build/int-test-blower/src/integration_tests/main.o
                0x00000000080006d8                main
 *fill*         0x00000000080006de        0x2 
 .text.__cxa_pure_virtual
                0x00000000080006e0        0xc .pio/build/int-test-blower/src/integration_tests/pure_virtual.o
                0x00000000080006e0                __cxa_pure_virtual
 .text.startup._GLOBAL__sub_I__Z17actuators_executeRK14ActuatorsState
                0x00000000080006ec       0x20 .pio/build/int-test-blower/src/lib/core/actuators.o
 .text._ZN8DebugVar8GetValueEv
                0x000000000800070c        0x6 .pio/build/int-test-blower/src/lib/core/blower_fsm.o
                0x000000000800070c                DebugVar::GetValue()
 .text._ZN8DebugVar8SetValueEm
                0x0000000008000712        0x6 .pio/build/int-test-blower/src/lib/core/blower_fsm.o
                0x0000000008000712                DebugVar::SetValue(unsigned long)
 .text._ZN10DebugFloatC2EPKcS1_fS1_
                0x0000000008000718       0x40 .pio/build/int-test-blower/src/lib/core/blower_fsm.o
                0x0000000008000718                DebugFloat::DebugFloat(char const*, char const*, float, char const*)
                0x0000000008000718                DebugFloat::DebugFloat(char const*, char const*, float, char const*)
 .text.startup._GLOBAL__sub_I__ZN18PressureControlFsmC2E4TimeRK11_VentParams
                0x0000000008000758      0x114 .pio/build/int-test-blower/src/lib/core/blower_fsm.o
 .text.startup._GLOBAL__sub_I__Z10comms_initv
                0x000000000800086c       0x14 .pio/build/int-test-blower/src/lib/core/comms.o
 .text._ZN10Controller13GetLoopPeriodEv
                0x0000000008000880        0xc .pio/build/int-test-blower/src/lib/core/controller.o
                0x0000000008000880                Controller::GetLoopPeriod()
 .text.startup._GLOBAL__sub_I__ZN10ControllerC2Ev
                0x000000000800088c      0x264 .pio/build/int-test-blower/src/lib/core/controller.o
 .text._ZN10PinchValveC2Ei
                0x0000000008000af0       0x1c .pio/build/int-test-blower/src/lib/core/pinch_valve.o
                0x0000000008000af0                PinchValve::PinchValve(int)
                0x0000000008000af0                PinchValve::PinchValve(int)
 .text.startup._GLOBAL__sub_I__ZN7Sensors6PinForENS_6SensorE
                0x0000000008000b0c       0xbc .pio/build/int-test-blower/src/lib/core/sensors.o
 .text._ZN8DebugCmd9HandleCmdEP10CmdContext
                0x0000000008000bc8        0x4 .pio/build/int-test-blower/src/lib/debug/debug.o
                0x0000000008000bc8                DebugCmd::HandleCmd(CmdContext*)
 .text._ZN7ModeCmd9HandleCmdEP10CmdContext
                0x0000000008000bcc        0xc .pio/build/int-test-blower/src/lib/debug/debug.o
                0x0000000008000bcc                ModeCmd::HandleCmd(CmdContext*)
 .text._ZN11DebugSerialC2Ev
                0x0000000008000bd8       0x78 .pio/build/int-test-blower/src/lib/debug/debug.o
                0x0000000008000bd8                DebugSerial::DebugSerial()
                0x0000000008000bd8                DebugSerial::DebugSerial()
 .text._ZN8DebugCmdC2E10DbgCmdCode
                0x0000000008000c50       0x14 .pio/build/int-test-blower/src/lib/debug/debug.o
                0x0000000008000c50                DebugCmd::DebugCmd(DbgCmdCode)
                0x0000000008000c50                DebugCmd::DebugCmd(DbgCmdCode)
 .text.startup._GLOBAL__sub_I_modeCmd
                0x0000000008000c64       0x20 .pio/build/int-test-blower/src/lib/debug/debug.o
 .text._ZN16PrintBuffReadCmd9HandleCmdEP10CmdContext
                0x0000000008000c84       0x60 .pio/build/int-test-blower/src/lib/debug/pb_read_cmd.o
                0x0000000008000c84                PrintBuffReadCmd::HandleCmd(CmdContext*)
 .text.startup._GLOBAL__sub_I_pbReadCmd
                0x0000000008000ce4       0x1c .pio/build/int-test-blower/src/lib/debug/pb_read_cmd.o
 .text._ZN7PeekCmd9HandleCmdEP10CmdContext
                0x0000000008000d00       0x94 .pio/build/int-test-blower/src/lib/debug/peek_cmd.o
                0x0000000008000d00                PeekCmd::HandleCmd(CmdContext*)
 .text.startup._GLOBAL__sub_I_peekCmd
                0x0000000008000d94       0x1c .pio/build/int-test-blower/src/lib/debug/peek_cmd.o
 .text._ZN7PokeCmd9HandleCmdEP10CmdContext
                0x0000000008000db0       0x6a .pio/build/int-test-blower/src/lib/debug/poke_cmd.o
                0x0000000008000db0                PokeCmd::HandleCmd(CmdContext*)
 *fill*         0x0000000008000e1a        0x2 
 .text.startup._GLOBAL__sub_I_pokeCmd
                0x0000000008000e1c       0x1c .pio/build/int-test-blower/src/lib/debug/poke_cmd.o
 .text.startup._GLOBAL__sub_I_trace
                0x0000000008000e38       0x28 .pio/build/int-test-blower/src/lib/debug/trace.o
 .text._ZN10FnDebugVarIUlvE3_UlmE4_E8SetValueEm
                0x0000000008000e60        0x2 .pio/build/int-test-blower/src/lib/debug/trace_cmd.o
 *fill*         0x0000000008000e62        0x2 
 .text._ZN10FnDebugVarIUlvE1_UlmE2_E8GetValueEv
                0x0000000008000e64        0xc .pio/build/int-test-blower/src/lib/debug/trace_cmd.o
 .text._ZN10FnDebugVarIUlvE1_UlmE2_E8SetValueEm
                0x0000000008000e70        0xc .pio/build/int-test-blower/src/lib/debug/trace_cmd.o
 .text._ZN10FnDebugVarIUlvE_UlmE0_E8GetValueEv
                0x0000000008000e7c        0xc .pio/build/int-test-blower/src/lib/debug/trace_cmd.o
 .text._ZN10FnDebugVarIUlvE5_UllE6_E8GetValueEv
                0x0000000008000e88       0x14 .pio/build/int-test-blower/src/lib/debug/trace_cmd.o
 .text._ZN10FnDebugVarIUlvE7_UllE8_E8GetValueEv
                0x0000000008000e9c       0x14 .pio/build/int-test-blower/src/lib/debug/trace_cmd.o
 .text._ZN10FnDebugVarIUlvE9_UllE10_E8GetValueEv
                0x0000000008000eb0       0x14 .pio/build/int-test-blower/src/lib/debug/trace_cmd.o
 .text._ZN10FnDebugVarIUlvE11_UllE12_E8GetValueEv
                0x0000000008000ec4       0x14 .pio/build/int-test-blower/src/lib/debug/trace_cmd.o
 .text._ZN15BlockInterruptsC2Ev
                0x0000000008000ed8       0x14 .pio/build/int-test-blower/src/lib/debug/trace_cmd.o
                0x0000000008000ed8                BlockInterrupts::BlockInterrupts()
                0x0000000008000ed8                BlockInterrupts::BlockInterrupts()
 .text._ZN15BlockInterruptsD2Ev
                0x0000000008000eec        0x8 .pio/build/int-test-blower/src/lib/debug/trace_cmd.o
                0x0000000008000eec                BlockInterrupts::~BlockInterrupts()
                0x0000000008000eec                BlockInterrupts::~BlockInterrupts()
 .text._ZN12DebugVarBaseC2E7VarTypePKcS2_S2_
                0x0000000008000ef4       0x34 .pio/build/int-test-blower/src/lib/debug/trace_cmd.o
                0x0000000008000ef4                DebugVarBase::DebugVarBase(VarType, char const*, char const*, char const*)
                0x0000000008000ef4                DebugVarBase::DebugVarBase(VarType, char const*, char const*, char const*)
 .text._ZN5Trace16GetNumActiveVarsEv
                0x0000000008000f28       0x1c .pio/build/int-test-blower/src/lib/debug/trace_cmd.o
                0x0000000008000f28                Trace::GetNumActiveVars()
 .text._ZN8CircBuffImLi16384EE5FlushEv
                0x0000000008000f44       0x1e .pio/build/int-test-blower/src/lib/debug/trace_cmd.o
                0x0000000008000f44                CircBuff<unsigned long, 16384>::Flush()
 *fill*         0x0000000008000f62        0x2 
 .text._ZN10FnDebugVarIUlvE_UlmE0_E8SetValueEm
                0x0000000008000f64       0x24 .pio/build/int-test-blower/src/lib/debug/trace_cmd.o
 .text._ZN10FnDebugVarIUlvE5_UllE6_E8SetValueEm
                0x0000000008000f88       0x28 .pio/build/int-test-blower/src/lib/debug/trace_cmd.o
 .text._ZN10FnDebugVarIUlvE7_UllE8_E8SetValueEm
                0x0000000008000fb0       0x28 .pio/build/int-test-blower/src/lib/debug/trace_cmd.o
 .text._ZN10FnDebugVarIUlvE9_UllE10_E8SetValueEm
                0x0000000008000fd8       0x28 .pio/build/int-test-blower/src/lib/debug/trace_cmd.o
 .text._ZN10FnDebugVarIUlvE11_UllE12_E8SetValueEm
                0x0000000008001000       0x28 .pio/build/int-test-blower/src/lib/debug/trace_cmd.o
 .text._ZN8CircBuffImLi16384EE6FullCtEv
                0x0000000008001028       0x26 .pio/build/int-test-blower/src/lib/debug/trace_cmd.o
                0x0000000008001028                CircBuff<unsigned long, 16384>::FullCt()
 *fill*         0x000000000800104e        0x2 
 .text._ZN8TraceCmd13ReadTraceBuffEP10CmdContext
                0x0000000008001050      0x114 .pio/build/int-test-blower/src/lib/debug/trace_cmd.o
                0x0000000008001050                TraceCmd::ReadTraceBuff(CmdContext*)
 .text._ZN8TraceCmd9HandleCmdEP10CmdContext
                0x0000000008001164       0x2c .pio/build/int-test-blower/src/lib/debug/trace_cmd.o
                0x0000000008001164                TraceCmd::HandleCmd(CmdContext*)
 .text._ZN10FnDebugVarIUlvE3_UlmE4_E8GetValueEv
                0x0000000008001190       0x20 .pio/build/int-test-blower/src/lib/debug/trace_cmd.o
 .text.startup._GLOBAL__sub_I__ZN8TraceCmd9HandleCmdEP10CmdContext
                0x00000000080011b0      0x120 .pio/build/int-test-blower/src/lib/debug/trace_cmd.o
 .text._ZN6VarCmd10GetVarInfoEP10CmdContext
                0x00000000080012d0       0xc4 .pio/build/int-test-blower/src/lib/debug/var_cmd.o
                0x00000000080012d0                VarCmd::GetVarInfo(CmdContext*)
 .text._ZN6VarCmd6GetVarEP10CmdContext
                0x0000000008001394       0x54 .pio/build/int-test-blower/src/lib/debug/var_cmd.o
                0x0000000008001394                VarCmd::GetVar(CmdContext*)
 .text._ZN6VarCmd6SetVarEP10CmdContext
                0x00000000080013e8       0x40 .pio/build/int-test-blower/src/lib/debug/var_cmd.o
                0x00000000080013e8                VarCmd::SetVar(CmdContext*)
 .text._ZN6VarCmd9HandleCmdEP10CmdContext
                0x0000000008001428       0x28 .pio/build/int-test-blower/src/lib/debug/var_cmd.o
                0x0000000008001428                VarCmd::HandleCmd(CmdContext*)
 .text.startup._GLOBAL__sub_I__ZN6VarCmd9HandleCmdEP10CmdContext
                0x0000000008001450       0x1c .pio/build/int-test-blower/src/lib/debug/var_cmd.o
 .text._ZN6HalApi7InitADCEv
                0x000000000800146c      0x19c .pio/build/int-test-blower/src/lib/hal/adc.o
                0x000000000800146c                HalApi::InitADC()
 .text._ZN6HalApi10InitBuzzerEv
                0x0000000008001608       0x54 .pio/build/int-test-blower/src/lib/hal/buzzer.o
                0x0000000008001608                HalApi::InitBuzzer()
 .text._ZL9Timer6ISRv
                0x000000000800165c       0x24 .pio/build/int-test-blower/src/lib/hal/hal_stm32.o
 .text._ZL3NMIv
                0x0000000008001680        0x2 .pio/build/int-test-blower/src/lib/hal/hal_stm32.o
 .text._ZL8FaultISRv
                0x0000000008001682        0x2 .pio/build/int-test-blower/src/lib/hal/hal_stm32.o
 .text._ZL11MPUFaultISRv
                0x0000000008001684        0x2 .pio/build/int-test-blower/src/lib/hal/hal_stm32.o
 .text._ZL11BusFaultISRv
                0x0000000008001686        0x2 .pio/build/int-test-blower/src/lib/hal/hal_stm32.o
 .text._ZL13UsageFaultISRv
                0x0000000008001688        0x2 .pio/build/int-test-blower/src/lib/hal/hal_stm32.o
 .text._ZL6BadISRv
                0x000000000800168a        0x2 .pio/build/int-test-blower/src/lib/hal/hal_stm32.o
 .text._ZL10StepperISRv
                0x000000000800168c        0x4 .pio/build/int-test-blower/src/lib/hal/hal_stm32.o
 .text._ZL10Timer15ISRv
                0x0000000008001690       0x84 .pio/build/int-test-blower/src/lib/hal/hal_stm32.o
 .text._ZN8DebugVarC2EPKcPfS1_S1_
                0x0000000008001714       0x38 .pio/build/int-test-blower/src/lib/hal/hal_stm32.o
                0x0000000008001714                DebugVar::DebugVar(char const*, float*, char const*, char const*)
                0x0000000008001714                DebugVar::DebugVar(char const*, float*, char const*, char const*)
 .text._ZN6HalApi12reset_deviceEv
                0x000000000800174c       0x10 .pio/build/int-test-blower/src/lib/hal/hal_stm32.o
                0x000000000800174c                HalApi::reset_device()
 .text._ZN6HalApi3nowEv
                0x000000000800175c       0x58 .pio/build/int-test-blower/src/lib/hal/hal_stm32.o
                0x000000000800175c                HalApi::now()
 .text._ZN6HalApi5delayE8Duration
                0x00000000080017b4       0x38 .pio/build/int-test-blower/src/lib/hal/hal_stm32.o
                0x00000000080017b4                HalApi::delay(Duration)
 .text._ZN6HalApi11analogWriteE6PwmPinf
                0x00000000080017ec       0x1a .pio/build/int-test-blower/src/lib/hal/hal_stm32.o
                0x00000000080017ec                HalApi::analogWrite(PwmPin, float)
 *fill*         0x0000000008001806        0x2 
 .text._ZN6HalApi16watchdog_handlerEv
                0x0000000008001808       0x10 .pio/build/int-test-blower/src/lib/hal/hal_stm32.o
                0x0000000008001808                HalApi::watchdog_handler()
 .text._ZN6HalApi10crc32_initEv
                0x0000000008001818       0x30 .pio/build/int-test-blower/src/lib/hal/hal_stm32.o
                0x0000000008001818                HalApi::crc32_init()
 .text._ZN6HalApi11EnableClockEPv
                0x0000000008001848       0x3c .pio/build/int-test-blower/src/lib/hal/hal_stm32.o
                0x0000000008001848                HalApi::EnableClock(void*)
 .text._ZN6HalApi8InitGPIOEv
                0x0000000008001884       0xac .pio/build/int-test-blower/src/lib/hal/hal_stm32.o
                0x0000000008001884                HalApi::InitGPIO()
 .text._ZN6HalApi10InitPwmOutEv
                0x0000000008001930       0x58 .pio/build/int-test-blower/src/lib/hal/hal_stm32.o
                0x0000000008001930                HalApi::InitPwmOut()
 .text._ZN6HalApi12InitSysTimerEv
                0x0000000008001988       0x40 .pio/build/int-test-blower/src/lib/hal/hal_stm32.o
                0x0000000008001988                HalApi::InitSysTimer()
 .text._ZN6HalApi9InitUARTsEv
                0x00000000080019c8      0x16c .pio/build/int-test-blower/src/lib/hal/hal_stm32.o
                0x00000000080019c8                HalApi::InitUARTs()
 .text._ZN6HalApi4initEv
                0x0000000008001b34       0x3c .pio/build/int-test-blower/src/lib/hal/hal_stm32.o
                0x0000000008001b34                HalApi::init()
 .text._ZN6HalApi15EnableInterruptE15InterruptVector11IntPriority
                0x0000000008001b70       0x2c .pio/build/int-test-blower/src/lib/hal/hal_stm32.o
                0x0000000008001b70                HalApi::EnableInterrupt(InterruptVector, IntPriority)
 .text._ZN8CircBuffIhLi128EE3PutEh
                0x0000000008001b9c       0x3c .pio/build/int-test-blower/src/lib/hal/hal_stm32.o
                0x0000000008001b9c                CircBuff<unsigned char, 128>::Put(unsigned char)
 .text._ZN8CircBuffIhLi128EE3GetEv
                0x0000000008001bd8       0x5e .pio/build/int-test-blower/src/lib/hal/hal_stm32.o
                0x0000000008001bd8                CircBuff<unsigned char, 128>::Get()
 .text._ZN4UART3ISREv
                0x0000000008001c36       0x72 .pio/build/int-test-blower/src/lib/hal/hal_stm32.o
                0x0000000008001c36                UART::ISR()
 .text._Z9UART3_ISRv
                0x0000000008001ca8       0x10 .pio/build/int-test-blower/src/lib/hal/hal_stm32.o
                0x0000000008001ca8                UART3_ISR()
 .text._ZL9UART2_ISRv
                0x0000000008001cb8       0x10 .pio/build/int-test-blower/src/lib/hal/hal_stm32.o
 .text.startup._GLOBAL__sub_I_systemStack
                0x0000000008001cc8       0xa8 .pio/build/int-test-blower/src/lib/hal/hal_stm32.o
 .text._ZN6HalApi8InitPSOLEv
                0x0000000008001d70       0x5c .pio/build/int-test-blower/src/lib/hal/psol.o
                0x0000000008001d70                HalApi::InitPSOL()
 .text.startup._GLOBAL__sub_I__ZN6HalApi8InitPSOLEv
                0x0000000008001dcc       0xa0 .pio/build/int-test-blower/src/lib/hal/psol.o
 .text.Reset_Handler
                0x0000000008001e6c       0x44 .pio/build/int-test-blower/src/lib/hal/startup_stm32l452xx.o
                0x0000000008001e6c                Reset_Handler
 .text._ZN9StepMotorC2Ev
                0x0000000008001eb0       0x18 .pio/build/int-test-blower/src/lib/hal/stepper.o
                0x0000000008001eb0                StepMotor::StepMotor()
                0x0000000008001eb0                StepMotor::StepMotor()
 .text._ZN9StepMotor10EnqueueCmdEPhm
                0x0000000008001ec8       0x4c .pio/build/int-test-blower/src/lib/hal/stepper.o
                0x0000000008001ec8                StepMotor::EnqueueCmd(unsigned char*, unsigned long)
 .text._ZN9StepMotor14UpdateComStateEv
                0x0000000008001f14      0x138 .pio/build/int-test-blower/src/lib/hal/stepper.o
                0x0000000008001f14                StepMotor::UpdateComState()
 .text._ZN9StepMotor7SendCmdEPhm
                0x000000000800204c       0x40 .pio/build/int-test-blower/src/lib/hal/stepper.o
                0x000000000800204c                StepMotor::SendCmd(unsigned char*, unsigned long)
 .text._ZN9StepMotor8SetParamE12StepMtrParamm.part.0
                0x000000000800208c       0x38 .pio/build/int-test-blower/src/lib/hal/stepper.o
 .text._ZN9StepMotor8SetParamE12StepMtrParamm
                0x00000000080020c4        0xc .pio/build/int-test-blower/src/lib/hal/stepper.o
                0x00000000080020c4                StepMotor::SetParam(StepMtrParam, unsigned long)
 .text._ZN9StepMotor8GetParamE12StepMtrParamPm.part.0
                0x00000000080020d0       0x58 .pio/build/int-test-blower/src/lib/hal/stepper.o
 .text._ZN9StepMotor8GetParamE12StepMtrParamPm
                0x0000000008002128        0xc .pio/build/int-test-blower/src/lib/hal/stepper.o
                0x0000000008002128                StepMotor::GetParam(StepMtrParam, unsigned long*)
 .text._ZN9StepMotor5ResetEv
                0x0000000008002134       0x18 .pio/build/int-test-blower/src/lib/hal/stepper.o
                0x0000000008002134                StepMotor::Reset()
 .text._ZN9StepMotor7DMA_ISREv
                0x000000000800214c       0x1c .pio/build/int-test-blower/src/lib/hal/stepper.o
                0x000000000800214c                StepMotor::DMA_ISR()
 .text._ZN9StepMotor19StartQueuedCommandsEv
                0x0000000008002168       0x10 .pio/build/int-test-blower/src/lib/hal/stepper.o
                0x0000000008002168                StepMotor::StartQueuedCommands()
 .text._ZN9StepMotor11SendInitCmdEPhi
                0x0000000008002178       0x6c .pio/build/int-test-blower/src/lib/hal/stepper.o
                0x0000000008002178                StepMotor::SendInitCmd(unsigned char*, int)
 .text._ZN9StepMotor10ProbeChipsEv
                0x00000000080021e4       0x54 .pio/build/int-test-blower/src/lib/hal/stepper.o
                0x00000000080021e4                StepMotor::ProbeChips()
 .text._ZN9StepMotor11OneTimeInitEv
                0x0000000008002238       0x6c .pio/build/int-test-blower/src/lib/hal/stepper.o
                0x0000000008002238                StepMotor::OneTimeInit()
 .text._ZN6HalApi16StepperMotorInitEv
                0x00000000080022a4      0x218 .pio/build/int-test-blower/src/lib/hal/stepper.o
                0x00000000080022a4                HalApi::StepperMotorInit()
 .text.startup._GLOBAL__sub_I__ZN9StepMotor6motor_E
                0x00000000080024bc       0x1c .pio/build/int-test-blower/src/lib/hal/stepper.o
 .text.__libc_init_array
                0x00000000080024d8       0x48 /Users/jlebar/.platformio/packages/toolchain-gccarmnoneeabi/bin/../lib/gcc/arm-none-eabi/9.2.1/../../../../arm-none-eabi/lib/thumb/v7e-m+fp/hard/libc.a(lib_a-init.o)
                0x00000000080024d8                __libc_init_array
 .text.memset   0x0000000008002520       0xa0 /Users/jlebar/.platformio/packages/toolchain-gccarmnoneeabi/bin/../lib/gcc/arm-none-eabi/9.2.1/../../../../arm-none-eabi/lib/thumb/v7e-m+fp/hard/libc.a(lib_a-memset.o)
                0x0000000008002520                memset
 .text.startup.register_fini
                0x00000000080025c0       0x14 /Users/jlebar/.platformio/packages/toolchain-gccarmnoneeabi/bin/../lib/gcc/arm-none-eabi/9.2.1/../../../../arm-none-eabi/lib/thumb/v7e-m+fp/hard/libc.a(lib_a-__call_atexit.o)
 .text.atexit   0x00000000080025d4        0xc /Users/jlebar/.platformio/packages/toolchain-gccarmnoneeabi/bin/../lib/gcc/arm-none-eabi/9.2.1/../../../../arm-none-eabi/lib/thumb/v7e-m+fp/hard/libc.a(lib_a-atexit.o)
                0x00000000080025d4                atexit
 .text.__libc_fini_array
                0x00000000080025e0       0x2c /Users/jlebar/.platformio/packages/toolchain-gccarmnoneeabi/bin/../lib/gcc/arm-none-eabi/9.2.1/../../../../arm-none-eabi/lib/thumb/v7e-m+fp/hard/libc.a(lib_a-fini.o)
                0x00000000080025e0                __libc_fini_array
 .text.__retarget_lock_acquire_recursive
                0x000000000800260c        0x4 /Users/jlebar/.platformio/packages/toolchain-gccarmnoneeabi/bin/../lib/gcc/arm-none-eabi/9.2.1/../../../../arm-none-eabi/lib/thumb/v7e-m+fp/hard/libc.a(lib_a-lock.o)
                0x000000000800260c                __retarget_lock_acquire_recursive
 .text.__retarget_lock_release_recursive
                0x0000000008002610        0x4 /Users/jlebar/.platformio/packages/toolchain-gccarmnoneeabi/bin/../lib/gcc/arm-none-eabi/9.2.1/../../../../arm-none-eabi/lib/thumb/v7e-m+fp/hard/libc.a(lib_a-lock.o)
                0x0000000008002610                __retarget_lock_release_recursive
 .text.__register_exitproc
                0x0000000008002614       0x8c /Users/jlebar/.platformio/packages/toolchain-gccarmnoneeabi/bin/../lib/gcc/arm-none-eabi/9.2.1/../../../../arm-none-eabi/lib/thumb/v7e-m+fp/hard/libc.a(lib_a-__atexit.o)
                0x0000000008002614                __register_exitproc
 *(.glue_7)
 .glue_7        0x00000000080026a0        0x0 linker stubs
 *(.glue_7t)
 .glue_7t       0x00000000080026a0        0x0 linker stubs
 *(.eh_frame)
 .eh_frame      0x00000000080026a0        0x0 /Users/jlebar/.platformio/packages/toolchain-gccarmnoneeabi/bin/../lib/gcc/arm-none-eabi/9.2.1/thumb/v7e-m+fp/hard/crtbegin.o
 *(.init)
 .init          0x00000000080026a0        0x4 /Users/jlebar/.platformio/packages/toolchain-gccarmnoneeabi/bin/../lib/gcc/arm-none-eabi/9.2.1/thumb/v7e-m+fp/hard/crti.o
                0x00000000080026a0                _init
 .init          0x00000000080026a4        0x8 /Users/jlebar/.platformio/packages/toolchain-gccarmnoneeabi/bin/../lib/gcc/arm-none-eabi/9.2.1/thumb/v7e-m+fp/hard/crtn.o
 *(.fini)
 .fini          0x00000000080026ac        0x4 /Users/jlebar/.platformio/packages/toolchain-gccarmnoneeabi/bin/../lib/gcc/arm-none-eabi/9.2.1/thumb/v7e-m+fp/hard/crti.o
                0x00000000080026ac                _fini
 .fini          0x00000000080026b0        0x8 /Users/jlebar/.platformio/packages/toolchain-gccarmnoneeabi/bin/../lib/gcc/arm-none-eabi/9.2.1/thumb/v7e-m+fp/hard/crtn.o
                0x00000000080026b8                . = ALIGN (0x4)
                0x00000000080026b8                _etext = .

.vfp11_veneer   0x00000000080026b8        0x0
 .vfp11_veneer  0x00000000080026b8        0x0 linker stubs

.v4_bx          0x00000000080026b8        0x0
 .v4_bx         0x00000000080026b8        0x0 linker stubs

.iplt           0x00000000080026b8        0x0
 .iplt          0x00000000080026b8        0x0 /Users/jlebar/.platformio/packages/toolchain-gccarmnoneeabi/bin/../lib/gcc/arm-none-eabi/9.2.1/thumb/v7e-m+fp/hard/crtbegin.o

.rodata         0x00000000080026b8      0xb00
                0x00000000080026b8                . = ALIGN (0x4)
 *(.rodata)
 *(.rodata*)
 .rodata._GLOBAL__sub_I__ZN18PressureControlFsmC2E4TimeRK11_VentParams.str1.1
                0x00000000080026b8      0x1e2 .pio/build/int-test-blower/src/lib/core/blower_fsm.o
 *fill*         0x000000000800289a        0x2 
 .rodata._ZTV10DebugFloat
                0x000000000800289c       0x10 .pio/build/int-test-blower/src/lib/core/blower_fsm.o
                0x000000000800289c                vtable for DebugFloat
 .rodata._GLOBAL__sub_I__ZN10ControllerC2Ev.str1.1
                0x00000000080028ac      0x537 .pio/build/int-test-blower/src/lib/core/controller.o
                                        0x543 (size before relaxing)
 *fill*         0x0000000008002de3        0x1 
 .rodata._ZTV11DebugUInt32
                0x0000000008002de4       0x10 .pio/build/int-test-blower/src/lib/core/controller.o
                0x0000000008002de4                vtable for DebugUInt32
 .rodata._GLOBAL__sub_I__ZN7Sensors6PinForENS_6SensorE.str1.1
                0x0000000008002df4       0xd9 .pio/build/int-test-blower/src/lib/core/sensors.o
                                         0xef (size before relaxing)
 *fill*         0x0000000008002ecd        0x3 
 .rodata._ZTV8DebugCmd
                0x0000000008002ed0        0xc .pio/build/int-test-blower/src/lib/debug/debug.o
                0x0000000008002ed0                vtable for DebugCmd
 .rodata._ZTV7ModeCmd
                0x0000000008002edc        0xc .pio/build/int-test-blower/src/lib/debug/debug.o
                0x0000000008002edc                vtable for ModeCmd
 .rodata._ZTV16PrintBuffReadCmd
                0x0000000008002ee8        0xc .pio/build/int-test-blower/src/lib/debug/pb_read_cmd.o
                0x0000000008002ee8                vtable for PrintBuffReadCmd
 .rodata._ZTV7PeekCmd
                0x0000000008002ef4        0xc .pio/build/int-test-blower/src/lib/debug/peek_cmd.o
                0x0000000008002ef4                vtable for PeekCmd
 .rodata._ZTV7PokeCmd
                0x0000000008002f00        0xc .pio/build/int-test-blower/src/lib/debug/poke_cmd.o
                0x0000000008002f00                vtable for PokeCmd
 .rodata._GLOBAL__sub_I__ZN8TraceCmd9HandleCmdEP10CmdContext.str1.1
                0x0000000008002f0c      0x105 .pio/build/int-test-blower/src/lib/debug/trace_cmd.o
                                        0x108 (size before relaxing)
 *fill*         0x0000000008003011        0x3 
 .rodata._ZTV12DebugVarBase
                0x0000000008003014       0x10 .pio/build/int-test-blower/src/lib/debug/trace_cmd.o
                0x0000000008003014                vtable for DebugVarBase
 .rodata._ZTV10FnDebugVarIUlvE11_UllE12_E
                0x0000000008003024       0x10 .pio/build/int-test-blower/src/lib/debug/trace_cmd.o
 .rodata._ZTV10FnDebugVarIUlvE1_UlmE2_E
                0x0000000008003034       0x10 .pio/build/int-test-blower/src/lib/debug/trace_cmd.o
 .rodata._ZTV10FnDebugVarIUlvE3_UlmE4_E
                0x0000000008003044       0x10 .pio/build/int-test-blower/src/lib/debug/trace_cmd.o
 .rodata._ZTV10FnDebugVarIUlvE5_UllE6_E
                0x0000000008003054       0x10 .pio/build/int-test-blower/src/lib/debug/trace_cmd.o
 .rodata._ZTV10FnDebugVarIUlvE7_UllE8_E
                0x0000000008003064       0x10 .pio/build/int-test-blower/src/lib/debug/trace_cmd.o
 .rodata._ZTV10FnDebugVarIUlvE9_UllE10_E
                0x0000000008003074       0x10 .pio/build/int-test-blower/src/lib/debug/trace_cmd.o
 .rodata._ZTV10FnDebugVarIUlvE_UlmE0_E
                0x0000000008003084       0x10 .pio/build/int-test-blower/src/lib/debug/trace_cmd.o
 .rodata._ZTV8TraceCmd
                0x0000000008003094        0xc .pio/build/int-test-blower/src/lib/debug/trace_cmd.o
                0x0000000008003094                vtable for TraceCmd
 .rodata._ZTV6VarCmd
                0x00000000080030a0        0xc .pio/build/int-test-blower/src/lib/debug/var_cmd.o
                0x00000000080030a0                vtable for VarCmd
 .rodata._GLOBAL__sub_I_systemStack.str1.1
                0x00000000080030ac       0x8e .pio/build/int-test-blower/src/lib/hal/hal_stm32.o
 *fill*         0x000000000800313a        0x2 
 .rodata._ZTV8DebugVar
                0x000000000800313c       0x10 .pio/build/int-test-blower/src/lib/hal/hal_stm32.o
                0x000000000800313c                vtable for DebugVar
 .rodata._GLOBAL__sub_I__ZN6HalApi8InitPSOLEv.str1.1
                0x000000000800314c       0x67 .pio/build/int-test-blower/src/lib/hal/psol.o
                                         0x6c (size before relaxing)
 *fill*         0x00000000080031b3        0x1 
 .rodata._global_impure_ptr
                0x00000000080031b4        0x4 /Users/jlebar/.platformio/packages/toolchain-gccarmnoneeabi/bin/../lib/gcc/arm-none-eabi/9.2.1/../../../../arm-none-eabi/lib/thumb/v7e-m+fp/hard/libc.a(lib_a-impure.o)
                0x00000000080031b4                _global_impure_ptr
                0x00000000080031b8                . = ALIGN (0x4)

.rel.dyn        0x00000000080031b8        0x0
 .rel.iplt      0x00000000080031b8        0x0 /Users/jlebar/.platformio/packages/toolchain-gccarmnoneeabi/bin/../lib/gcc/arm-none-eabi/9.2.1/thumb/v7e-m+fp/hard/crtbegin.o

.ARM.extab      0x00000000080031b8        0x0
                0x00000000080031b8                . = ALIGN (0x4)
 *(.ARM.extab* .gnu.linkonce.armextab.*)
                0x00000000080031b8                . = ALIGN (0x4)

.ARM            0x00000000080031b8        0x0
                0x00000000080031b8                . = ALIGN (0x4)
                0x00000000080031b8                __exidx_start = .
 *(.ARM.exidx*)
                0x00000000080031b8                __exidx_end = .
                0x00000000080031b8                . = ALIGN (0x4)

.preinit_array  0x00000000080031b8        0x0
                0x00000000080031b8                . = ALIGN (0x4)
                0x00000000080031b8                PROVIDE (__preinit_array_start = .)
 *(.preinit_array*)
                0x00000000080031b8                PROVIDE (__preinit_array_end = .)
                0x00000000080031b8                . = ALIGN (0x4)

.init_array     0x00000000080031b8       0x44
                0x00000000080031b8                . = ALIGN (0x4)
                0x00000000080031b8                PROVIDE (__init_array_start = .)
 *(SORT_BY_NAME(.init_array.*))
 .init_array.00000
                0x00000000080031b8        0x4 /Users/jlebar/.platformio/packages/toolchain-gccarmnoneeabi/bin/../lib/gcc/arm-none-eabi/9.2.1/../../../../arm-none-eabi/lib/thumb/v7e-m+fp/hard/libc.a(lib_a-__call_atexit.o)
 *(.init_array*)
 .init_array    0x00000000080031bc        0x4 /Users/jlebar/.platformio/packages/toolchain-gccarmnoneeabi/bin/../lib/gcc/arm-none-eabi/9.2.1/thumb/v7e-m+fp/hard/crtbegin.o
 .init_array    0x00000000080031c0        0x4 .pio/build/int-test-blower/src/lib/core/actuators.o
 .init_array    0x00000000080031c4        0x4 .pio/build/int-test-blower/src/lib/core/blower_fsm.o
 .init_array    0x00000000080031c8        0x4 .pio/build/int-test-blower/src/lib/core/comms.o
 .init_array    0x00000000080031cc        0x4 .pio/build/int-test-blower/src/lib/core/controller.o
 .init_array    0x00000000080031d0        0x4 .pio/build/int-test-blower/src/lib/core/sensors.o
 .init_array    0x00000000080031d4        0x4 .pio/build/int-test-blower/src/lib/debug/debug.o
 .init_array    0x00000000080031d8        0x4 .pio/build/int-test-blower/src/lib/debug/pb_read_cmd.o
 .init_array    0x00000000080031dc        0x4 .pio/build/int-test-blower/src/lib/debug/peek_cmd.o
 .init_array    0x00000000080031e0        0x4 .pio/build/int-test-blower/src/lib/debug/poke_cmd.o
 .init_array    0x00000000080031e4        0x4 .pio/build/int-test-blower/src/lib/debug/trace.o
 .init_array    0x00000000080031e8        0x4 .pio/build/int-test-blower/src/lib/debug/trace_cmd.o
 .init_array    0x00000000080031ec        0x4 .pio/build/int-test-blower/src/lib/debug/var_cmd.o
 .init_array    0x00000000080031f0        0x4 .pio/build/int-test-blower/src/lib/hal/hal_stm32.o
 .init_array    0x00000000080031f4        0x4 .pio/build/int-test-blower/src/lib/hal/psol.o
 .init_array    0x00000000080031f8        0x4 .pio/build/int-test-blower/src/lib/hal/stepper.o
                0x00000000080031fc                PROVIDE (__init_array_end = .)
                0x00000000080031fc                . = ALIGN (0x4)

.fini_array     0x00000000080031fc        0x4
                0x00000000080031fc                . = ALIGN (0x4)
                0x00000000080031fc                PROVIDE (__fini_array_start = .)
 *(SORT_BY_NAME(.fini_array.*))
 *(.fini_array*)
 .fini_array    0x00000000080031fc        0x4 /Users/jlebar/.platformio/packages/toolchain-gccarmnoneeabi/bin/../lib/gcc/arm-none-eabi/9.2.1/thumb/v7e-m+fp/hard/crtbegin.o
                0x0000000008003200                PROVIDE (__fini_array_end = .)
                0x0000000008003200                . = ALIGN (0x4)
                0x0000000008003200                _sidata = LOADADDR (.data)

.data           0x0000000020000000      0x524 load address 0x0000000008003200
                0x0000000020000000                . = ALIGN (0x4)
                0x0000000020000000                _sdata = .
 *(.data)
 *(.data*)
 .data._ZZN6HalApi11EnableClockEPvE7rccInfo
                0x0000000020000000       0xd8 .pio/build/int-test-blower/src/lib/hal/hal_stm32.o
 .data._ZN9StepMotor10param_len_E
                0x00000000200000d8       0x20 .pio/build/int-test-blower/src/lib/hal/stepper.o
                0x00000000200000d8                StepMotor::param_len_
 .data.impure_data
                0x00000000200000f8      0x428 /Users/jlebar/.platformio/packages/toolchain-gccarmnoneeabi/bin/../lib/gcc/arm-none-eabi/9.2.1/../../../../arm-none-eabi/lib/thumb/v7e-m+fp/hard/libc.a(lib_a-impure.o)
 .data.__atexit_recursive_mutex
                0x0000000020000520        0x4 /Users/jlebar/.platformio/packages/toolchain-gccarmnoneeabi/bin/../lib/gcc/arm-none-eabi/9.2.1/../../../../arm-none-eabi/lib/thumb/v7e-m+fp/hard/libc.a(lib_a-__call_atexit.o)
                0x0000000020000520                __atexit_recursive_mutex
                0x0000000020000524                . = ALIGN (0x4)
                0x0000000020000524                _edata = .

.igot.plt       0x0000000020000524        0x0 load address 0x0000000008003724
 .igot.plt      0x0000000020000524        0x0 /Users/jlebar/.platformio/packages/toolchain-gccarmnoneeabi/bin/../lib/gcc/arm-none-eabi/9.2.1/thumb/v7e-m+fp/hard/crtbegin.o
                0x0000000020000524                . = ALIGN (0x4)

.bss            0x0000000020000528    0x141f0 load address 0x0000000008003724
                0x0000000020000528                _sbss = .
                0x0000000020000528                __bss_start__ = _sbss
 *(.bss)
 *(.bss*)
 .bss.completed.10274
                0x0000000020000528        0x1 /Users/jlebar/.platformio/packages/toolchain-gccarmnoneeabi/bin/../lib/gcc/arm-none-eabi/9.2.1/thumb/v7e-m+fp/hard/crtbegin.o
 *fill*         0x0000000020000529        0x3 
 .bss.object.10279
                0x000000002000052c       0x18 /Users/jlebar/.platformio/packages/toolchain-gccarmnoneeabi/bin/../lib/gcc/arm-none-eabi/9.2.1/thumb/v7e-m+fp/hard/crtbegin.o
 *fill*         0x0000000020000544        0x4 
 .bss._ZL12blower_pinch
                0x0000000020000548       0x18 .pio/build/int-test-blower/src/lib/core/actuators.o
 .bss._ZL12exhale_pinch
                0x0000000020000560       0x18 .pio/build/int-test-blower/src/lib/core/actuators.o
 .bss._ZL17dbg_fast_flow_avg
                0x0000000020000578       0x20 .pio/build/int-test-blower/src/lib/core/blower_fsm.o
 .bss._ZL17dbg_slow_flow_avg
                0x0000000020000598       0x20 .pio/build/int-test-blower/src/lib/core/blower_fsm.o
 .bss._ZL19dbg_pa_flow_trigger
                0x00000000200005b8       0x20 .pio/build/int-test-blower/src/lib/core/blower_fsm.o
 .bss._ZL20dbg_pa_min_expire_ms
                0x00000000200005d8       0x20 .pio/build/int-test-blower/src/lib/core/blower_fsm.o
 .bss._ZL23dbg_fast_flow_avg_alpha
                0x00000000200005f8       0x20 .pio/build/int-test-blower/src/lib/core/blower_fsm.o
 .bss._ZL23dbg_slow_flow_avg_alpha
                0x0000000020000618       0x20 .pio/build/int-test-blower/src/lib/core/blower_fsm.o
 .bss._ZL7last_rx
                0x0000000020000638        0x8 .pio/build/int-test-blower/src/lib/core/comms.o
 .bss._ZL10dbg_volume
                0x0000000020000640       0x20 .pio/build/int-test-blower/src/lib/core/controller.o
 .bss._ZL11dbg_psol_kd
                0x0000000020000660       0x20 .pio/build/int-test-blower/src/lib/core/controller.o
 .bss._ZL11dbg_psol_ki
                0x0000000020000680       0x20 .pio/build/int-test-blower/src/lib/core/controller.o
 .bss._ZL11dbg_psol_kp
                0x00000000200006a0       0x20 .pio/build/int-test-blower/src/lib/core/controller.o
 .bss._ZL12dbg_net_flow
                0x00000000200006c0       0x20 .pio/build/int-test-blower/src/lib/core/controller.o
 .bss._ZL13dbg_breath_id
                0x00000000200006e0       0x20 .pio/build/int-test-blower/src/lib/core/controller.o
 .bss._ZL19dbg_blower_valve_kd
                0x0000000020000700       0x20 .pio/build/int-test-blower/src/lib/core/controller.o
 .bss._ZL19dbg_blower_valve_kp
                0x0000000020000720       0x20 .pio/build/int-test-blower/src/lib/core/controller.o
 .bss._ZL19dbg_flow_correction
                0x0000000020000740       0x20 .pio/build/int-test-blower/src/lib/core/controller.o
 .bss._ZL19dbg_forced_psol_pos
                0x0000000020000760       0x20 .pio/build/int-test-blower/src/lib/core/controller.o
 .bss._ZL22dbg_volume_uncorrected
                0x0000000020000780       0x20 .pio/build/int-test-blower/src/lib/core/controller.o
 .bss._ZL23dbg_forced_blower_power
                0x00000000200007a0       0x20 .pio/build/int-test-blower/src/lib/core/controller.o
 .bss._ZL24dbg_net_flow_uncorrected
                0x00000000200007c0       0x20 .pio/build/int-test-blower/src/lib/core/controller.o
 .bss._ZL27dbg_forced_blower_valve_pos
                0x00000000200007e0       0x20 .pio/build/int-test-blower/src/lib/core/controller.o
 .bss._ZL27dbg_forced_exhale_valve_pos
                0x0000000020000800       0x20 .pio/build/int-test-blower/src/lib/core/controller.o
 .bss._ZL28dbg_blower_valve_computed_ki
                0x0000000020000820       0x20 .pio/build/int-test-blower/src/lib/core/controller.o
 .bss._ZL6dbg_sp
                0x0000000020000840       0x20 .pio/build/int-test-blower/src/lib/core/controller.o
 .bss._ZL7dbg_per
                0x0000000020000860       0x20 .pio/build/int-test-blower/src/lib/core/controller.o
 .bss._ZL12dbg_pressure
                0x0000000020000880       0x20 .pio/build/int-test-blower/src/lib/core/sensors.o
 .bss._ZL13dbg_dp_exhale
                0x00000000200008a0       0x20 .pio/build/int-test-blower/src/lib/core/sensors.o
 .bss._ZL13dbg_dp_inhale
                0x00000000200008c0       0x20 .pio/build/int-test-blower/src/lib/core/sensors.o
 .bss._ZL15dbg_flow_exhale
                0x00000000200008e0       0x20 .pio/build/int-test-blower/src/lib/core/sensors.o
 .bss._ZL15dbg_flow_inhale
                0x0000000020000900       0x20 .pio/build/int-test-blower/src/lib/core/sensors.o
 .bss._ZL20dbg_flow_uncorrected
                0x0000000020000920       0x20 .pio/build/int-test-blower/src/lib/core/sensors.o
 .bss._ZN8DebugCmd13cmd_registry_E
                0x0000000020000940      0x400 .pio/build/int-test-blower/src/lib/debug/debug.o
                0x0000000020000940                DebugCmd::cmd_registry_
 .bss.debug     0x0000000020000d40      0xbd4 .pio/build/int-test-blower/src/lib/debug/debug.o
                0x0000000020000d40                debug
 .bss.modeCmd   0x0000000020001914        0x4 .pio/build/int-test-blower/src/lib/debug/debug.o
                0x0000000020001914                modeCmd
 .bss.pbReadCmd
                0x0000000020001918        0x4 .pio/build/int-test-blower/src/lib/debug/pb_read_cmd.o
                0x0000000020001918                pbReadCmd
 .bss.peekCmd   0x000000002000191c        0x4 .pio/build/int-test-blower/src/lib/debug/peek_cmd.o
                0x000000002000191c                peekCmd
 .bss.pokeCmd   0x0000000020001920        0x4 .pio/build/int-test-blower/src/lib/debug/poke_cmd.o
                0x0000000020001920                pokeCmd
 .bss.trace     0x0000000020001924    0x10024 .pio/build/int-test-blower/src/lib/debug/trace.o
                0x0000000020001924                trace
 .bss._ZL12varTraceCtrl
                0x0000000020011948       0x18 .pio/build/int-test-blower/src/lib/debug/trace_cmd.o
 .bss._ZL12varTraceSamp
                0x0000000020011960       0x18 .pio/build/int-test-blower/src/lib/debug/trace_cmd.o
 .bss._ZL13vartrace_var1
                0x0000000020011978       0x18 .pio/build/int-test-blower/src/lib/debug/trace_cmd.o
 .bss._ZL13vartrace_var2
                0x0000000020011990       0x18 .pio/build/int-test-blower/src/lib/debug/trace_cmd.o
 .bss._ZL13vartrace_var3
                0x00000000200119a8       0x18 .pio/build/int-test-blower/src/lib/debug/trace_cmd.o
 .bss._ZL13vartrace_var4
                0x00000000200119c0       0x18 .pio/build/int-test-blower/src/lib/debug/trace_cmd.o
 .bss._ZL14varTracePeriod
                0x00000000200119d8       0x18 .pio/build/int-test-blower/src/lib/debug/trace_cmd.o
 .bss.traceCmd  0x00000000200119f0        0x4 .pio/build/int-test-blower/src/lib/debug/trace_cmd.o
                0x00000000200119f0                traceCmd
 .bss.varCmd    0x00000000200119f4        0x4 .pio/build/int-test-blower/src/lib/debug/var_cmd.o
                0x00000000200119f4                varCmd
 .bss._ZN12DebugVarBase8var_listE
                0x00000000200119f8      0x190 .pio/build/int-test-blower/src/lib/debug/vars.o
                0x00000000200119f8                DebugVarBase::var_list
 .bss._ZN12DebugVarBase9var_countE
                0x0000000020011b88        0x2 .pio/build/int-test-blower/src/lib/debug/vars.o
                0x0000000020011b88                DebugVarBase::var_count
 .bss._ZL8adc_buff
                0x0000000020011b8a       0x5a .pio/build/int-test-blower/src/lib/hal/adc.o
 .bss.Hal       0x0000000020011be4        0x1 .pio/build/int-test-blower/src/lib/hal/hal.o
                0x0000000020011be4                Hal
 *fill*         0x0000000020011be5        0x3 
 .bss._ZL11max_latency
                0x0000000020011be8        0x4 .pio/build/int-test-blower/src/lib/hal/hal_stm32.o
 .bss._ZL14controller_arg
                0x0000000020011bec        0x4 .pio/build/int-test-blower/src/lib/hal/hal_stm32.o
 .bss._ZL19controller_callback
                0x0000000020011bf0        0x4 .pio/build/int-test-blower/src/lib/hal/hal_stm32.o
 .bss._ZL2d1    0x0000000020011bf4       0x1c .pio/build/int-test-blower/src/lib/hal/hal_stm32.o
 .bss._ZL2d2    0x0000000020011c10       0x1c .pio/build/int-test-blower/src/lib/hal/hal_stm32.o
 .bss._ZL2d3    0x0000000020011c2c       0x1c .pio/build/int-test-blower/src/lib/hal/hal_stm32.o
 .bss._ZL6rpUART
                0x0000000020011c48      0x114 .pio/build/int-test-blower/src/lib/hal/hal_stm32.o
 .bss._ZL7dbgUART
                0x0000000020011d5c      0x114 .pio/build/int-test-blower/src/lib/hal/hal_stm32.o
 .bss._ZL7latency
                0x0000000020011e70        0x4 .pio/build/int-test-blower/src/lib/hal/hal_stm32.o
 *fill*         0x0000000020011e74        0x4 
 .bss._ZL7msCount
                0x0000000020011e78        0x8 .pio/build/int-test-blower/src/lib/hal/hal_stm32.o
 .bss._ZL9loop_time
                0x0000000020011e80        0x4 .pio/build/int-test-blower/src/lib/hal/hal_stm32.o
 *fill*         0x0000000020011e84        0x4 
 .bss.systemStack
                0x0000000020011e88     0x2710 .pio/build/int-test-blower/src/lib/hal/hal_stm32.o
                0x0000000020011e88                systemStack
 .bss._ZL17dbg_psol_pwm_open
                0x0000000020014598       0x20 .pio/build/int-test-blower/src/lib/hal/psol.o
 .bss._ZL19dbg_psol_pwm_closed
                0x00000000200145b8       0x20 .pio/build/int-test-blower/src/lib/hal/psol.o
 .bss._ZN9StepMotor11coms_state_E
                0x00000000200145d8        0x4 .pio/build/int-test-blower/src/lib/hal/stepper.o
                0x00000000200145d8                StepMotor::coms_state_
 .bss._ZN9StepMotor13total_motors_E
                0x00000000200145dc        0x4 .pio/build/int-test-blower/src/lib/hal/stepper.o
                0x00000000200145dc                StepMotor::total_motors_
 .bss._ZN9StepMotor6motor_E
                0x00000000200145e0      0x110 .pio/build/int-test-blower/src/lib/hal/stepper.o
                0x00000000200145e0                StepMotor::motor_
 .bss._ZN9StepMotor9dma_buff_E
                0x00000000200146f0        0x4 .pio/build/int-test-blower/src/lib/hal/stepper.o
                0x00000000200146f0                StepMotor::dma_buff_
 *(COMMON)
 COMMON         0x00000000200146f4       0x21 /Users/jlebar/.platformio/packages/toolchain-gccarmnoneeabi/bin/../lib/gcc/arm-none-eabi/9.2.1/../../../../arm-none-eabi/lib/thumb/v7e-m+fp/hard/libc.a(lib_a-lock.o)
                0x00000000200146f4                __lock___atexit_recursive_mutex
                0x00000000200146f8                __lock___arc4random_mutex
                0x00000000200146fc                __lock___env_recursive_mutex
                0x0000000020014700                __lock___sinit_recursive_mutex
                0x0000000020014704                __lock___malloc_recursive_mutex
                0x0000000020014708                __lock___at_quick_exit_mutex
                0x000000002001470c                __lock___dd_hash_mutex
                0x0000000020014710                __lock___tz_mutex
                0x0000000020014714                __lock___sfp_recursive_mutex
                0x0000000020014718                . = ALIGN (0x4)
 *fill*         0x0000000020014715        0x3 
                0x0000000020014718                _ebss = .
                0x0000000020014718                __bss_end__ = _ebss

/DISCARD/
 libc.a(*)
 libm.a(*)
 libgcc.a(*)

.ARM.attributes
                0x0000000000000000       0x30
 *(.ARM.attributes)
 .ARM.attributes
                0x0000000000000000       0x1e /Users/jlebar/.platformio/packages/toolchain-gccarmnoneeabi/bin/../lib/gcc/arm-none-eabi/9.2.1/thumb/v7e-m+fp/hard/crti.o
 .ARM.attributes
                0x000000000000001e       0x34 /Users/jlebar/.platformio/packages/toolchain-gccarmnoneeabi/bin/../lib/gcc/arm-none-eabi/9.2.1/thumb/v7e-m+fp/hard/crtbegin.o
 .ARM.attributes
                0x0000000000000052       0x34 .pio/build/int-test-blower/src/integration_tests/main.o
 .ARM.attributes
                0x0000000000000086       0x34 .pio/build/int-test-blower/src/integration_tests/pure_virtual.o
 .ARM.attributes
                0x00000000000000ba       0x34 .pio/build/int-test-blower/src/lib/core/actuators.o
 .ARM.attributes
                0x00000000000000ee       0x34 .pio/build/int-test-blower/src/lib/core/blower_fsm.o
 .ARM.attributes
                0x0000000000000122       0x34 .pio/build/int-test-blower/src/lib/core/comms.o
 .ARM.attributes
                0x0000000000000156       0x34 .pio/build/int-test-blower/src/lib/core/controller.o
 .ARM.attributes
                0x000000000000018a       0x34 .pio/build/int-test-blower/src/lib/core/pinch_valve.o
 .ARM.attributes
                0x00000000000001be       0x34 .pio/build/int-test-blower/src/lib/core/sensors.o
 .ARM.attributes
                0x00000000000001f2       0x34 .pio/build/int-test-blower/src/lib/debug/debug.o
 .ARM.attributes
                0x0000000000000226       0x34 .pio/build/int-test-blower/src/lib/debug/pb_read_cmd.o
 .ARM.attributes
                0x000000000000025a       0x34 .pio/build/int-test-blower/src/lib/debug/peek_cmd.o
 .ARM.attributes
                0x000000000000028e       0x34 .pio/build/int-test-blower/src/lib/debug/poke_cmd.o
 .ARM.attributes
                0x00000000000002c2       0x34 .pio/build/int-test-blower/src/lib/debug/trace.o
 .ARM.attributes
                0x00000000000002f6       0x34 .pio/build/int-test-blower/src/lib/debug/trace_cmd.o
 .ARM.attributes
                0x000000000000032a       0x34 .pio/build/int-test-blower/src/lib/debug/var_cmd.o
 .ARM.attributes
                0x000000000000035e       0x39 .pio/build/int-test-blower/src/lib/debug/vars.o
 .ARM.attributes
                0x0000000000000397       0x34 .pio/build/int-test-blower/src/lib/hal/adc.o
 .ARM.attributes
                0x00000000000003cb       0x34 .pio/build/int-test-blower/src/lib/hal/buzzer.o
 .ARM.attributes
                0x00000000000003ff       0x39 .pio/build/int-test-blower/src/lib/hal/hal.o
 .ARM.attributes
                0x0000000000000438       0x34 .pio/build/int-test-blower/src/lib/hal/hal_stm32.o
 .ARM.attributes
                0x000000000000046c       0x34 .pio/build/int-test-blower/src/lib/hal/psol.o
 .ARM.attributes
                0x00000000000004a0       0x21 .pio/build/int-test-blower/src/lib/hal/startup_stm32l452xx.o
 .ARM.attributes
                0x00000000000004c1       0x34 .pio/build/int-test-blower/src/lib/hal/stepper.o
 .ARM.attributes
                0x00000000000004f5       0x1e /Users/jlebar/.platformio/packages/toolchain-gccarmnoneeabi/bin/../lib/gcc/arm-none-eabi/9.2.1/thumb/v7e-m+fp/hard/libgcc.a(_arm_addsubsf3.o)
 .ARM.attributes
                0x0000000000000513       0x32 /Users/jlebar/.platformio/packages/toolchain-gccarmnoneeabi/bin/../lib/gcc/arm-none-eabi/9.2.1/../../../../arm-none-eabi/lib/thumb/v7e-m+fp/hard/libc.a(lib_a-impure.o)
 .ARM.attributes
                0x0000000000000545       0x34 /Users/jlebar/.platformio/packages/toolchain-gccarmnoneeabi/bin/../lib/gcc/arm-none-eabi/9.2.1/../../../../arm-none-eabi/lib/thumb/v7e-m+fp/hard/libc.a(lib_a-init.o)
 .ARM.attributes
                0x0000000000000579       0x1c /Users/jlebar/.platformio/packages/toolchain-gccarmnoneeabi/bin/../lib/gcc/arm-none-eabi/9.2.1/../../../../arm-none-eabi/lib/thumb/v7e-m+fp/hard/libc.a(lib_a-memcpy.o)
 .ARM.attributes
                0x0000000000000595       0x34 /Users/jlebar/.platformio/packages/toolchain-gccarmnoneeabi/bin/../lib/gcc/arm-none-eabi/9.2.1/../../../../arm-none-eabi/lib/thumb/v7e-m+fp/hard/libc.a(lib_a-memset.o)
 .ARM.attributes
                0x00000000000005c9       0x1c /Users/jlebar/.platformio/packages/toolchain-gccarmnoneeabi/bin/../lib/gcc/arm-none-eabi/9.2.1/../../../../arm-none-eabi/lib/thumb/v7e-m+fp/hard/libc.a(lib_a-strlen.o)
 .ARM.attributes
                0x00000000000005e5       0x34 /Users/jlebar/.platformio/packages/toolchain-gccarmnoneeabi/bin/../lib/gcc/arm-none-eabi/9.2.1/../../../../arm-none-eabi/lib/thumb/v7e-m+fp/hard/libc.a(lib_a-__call_atexit.o)
 .ARM.attributes
                0x0000000000000619       0x34 /Users/jlebar/.platformio/packages/toolchain-gccarmnoneeabi/bin/../lib/gcc/arm-none-eabi/9.2.1/../../../../arm-none-eabi/lib/thumb/v7e-m+fp/hard/libc.a(lib_a-atexit.o)
 .ARM.attributes
                0x000000000000064d       0x34 /Users/jlebar/.platformio/packages/toolchain-gccarmnoneeabi/bin/../lib/gcc/arm-none-eabi/9.2.1/../../../../arm-none-eabi/lib/thumb/v7e-m+fp/hard/libc.a(lib_a-fini.o)
 .ARM.attributes
                0x0000000000000681       0x34 /Users/jlebar/.platformio/packages/toolchain-gccarmnoneeabi/bin/../lib/gcc/arm-none-eabi/9.2.1/../../../../arm-none-eabi/lib/thumb/v7e-m+fp/hard/libc.a(lib_a-lock.o)
 .ARM.attributes
                0x00000000000006b5       0x34 /Users/jlebar/.platformio/packages/toolchain-gccarmnoneeabi/bin/../lib/gcc/arm-none-eabi/9.2.1/../../../../arm-none-eabi/lib/thumb/v7e-m+fp/hard/libc.a(lib_a-__atexit.o)
 .ARM.attributes
                0x00000000000006e9       0x1e /Users/jlebar/.platformio/packages/toolchain-gccarmnoneeabi/bin/../lib/gcc/arm-none-eabi/9.2.1/thumb/v7e-m+fp/hard/crtn.o
OUTPUT(.pio/build/int-test-blower/firmware.elf elf32-littlearm)

.comment        0x0000000000000000       0x66
 .comment       0x0000000000000000       0x66 .pio/build/int-test-blower/src/integration_tests/main.o
                                         0x67 (size before relaxing)
 .comment       0x0000000000000066       0x67 .pio/build/int-test-blower/src/integration_tests/pure_virtual.o
 .comment       0x0000000000000066       0x67 .pio/build/int-test-blower/src/lib/core/actuators.o
 .comment       0x0000000000000066       0x67 .pio/build/int-test-blower/src/lib/core/blower_fsm.o
 .comment       0x0000000000000066       0x67 .pio/build/int-test-blower/src/lib/core/comms.o
 .comment       0x0000000000000066       0x67 .pio/build/int-test-blower/src/lib/core/controller.o
 .comment       0x0000000000000066       0x67 .pio/build/int-test-blower/src/lib/core/pinch_valve.o
 .comment       0x0000000000000066       0x67 .pio/build/int-test-blower/src/lib/core/sensors.o
 .comment       0x0000000000000066       0x67 .pio/build/int-test-blower/src/lib/debug/debug.o
 .comment       0x0000000000000066       0x67 .pio/build/int-test-blower/src/lib/debug/pb_read_cmd.o
 .comment       0x0000000000000066       0x67 .pio/build/int-test-blower/src/lib/debug/peek_cmd.o
 .comment       0x0000000000000066       0x67 .pio/build/int-test-blower/src/lib/debug/poke_cmd.o
 .comment       0x0000000000000066       0x67 .pio/build/int-test-blower/src/lib/debug/trace.o
 .comment       0x0000000000000066       0x67 .pio/build/int-test-blower/src/lib/debug/trace_cmd.o
 .comment       0x0000000000000066       0x67 .pio/build/int-test-blower/src/lib/debug/var_cmd.o
 .comment       0x0000000000000066       0x67 .pio/build/int-test-blower/src/lib/debug/vars.o
 .comment       0x0000000000000066       0x67 .pio/build/int-test-blower/src/lib/hal/adc.o
 .comment       0x0000000000000066       0x67 .pio/build/int-test-blower/src/lib/hal/buzzer.o
 .comment       0x0000000000000066       0x67 .pio/build/int-test-blower/src/lib/hal/hal.o
 .comment       0x0000000000000066       0x67 .pio/build/int-test-blower/src/lib/hal/hal_stm32.o
 .comment       0x0000000000000066       0x67 .pio/build/int-test-blower/src/lib/hal/psol.o
 .comment       0x0000000000000066       0x67 .pio/build/int-test-blower/src/lib/hal/stepper.o

.debug_frame    0x0000000000000000      0x250
 .debug_frame   0x0000000000000000       0x4c /Users/jlebar/.platformio/packages/toolchain-gccarmnoneeabi/bin/../lib/gcc/arm-none-eabi/9.2.1/thumb/v7e-m+fp/hard/libgcc.a(_arm_addsubsf3.o)
 .debug_frame   0x000000000000004c       0x2c /Users/jlebar/.platformio/packages/toolchain-gccarmnoneeabi/bin/../lib/gcc/arm-none-eabi/9.2.1/../../../../arm-none-eabi/lib/thumb/v7e-m+fp/hard/libc.a(lib_a-init.o)
 .debug_frame   0x0000000000000078       0x38 /Users/jlebar/.platformio/packages/toolchain-gccarmnoneeabi/bin/../lib/gcc/arm-none-eabi/9.2.1/../../../../arm-none-eabi/lib/thumb/v7e-m+fp/hard/libc.a(lib_a-memset.o)
 .debug_frame   0x00000000000000b0       0x68 /Users/jlebar/.platformio/packages/toolchain-gccarmnoneeabi/bin/../lib/gcc/arm-none-eabi/9.2.1/../../../../arm-none-eabi/lib/thumb/v7e-m+fp/hard/libc.a(lib_a-__call_atexit.o)
 .debug_frame   0x0000000000000118       0x20 /Users/jlebar/.platformio/packages/toolchain-gccarmnoneeabi/bin/../lib/gcc/arm-none-eabi/9.2.1/../../../../arm-none-eabi/lib/thumb/v7e-m+fp/hard/libc.a(lib_a-atexit.o)
 .debug_frame   0x0000000000000138       0x34 /Users/jlebar/.platformio/packages/toolchain-gccarmnoneeabi/bin/../lib/gcc/arm-none-eabi/9.2.1/../../../../arm-none-eabi/lib/thumb/v7e-m+fp/hard/libc.a(lib_a-fini.o)
 .debug_frame   0x000000000000016c       0xb0 /Users/jlebar/.platformio/packages/toolchain-gccarmnoneeabi/bin/../lib/gcc/arm-none-eabi/9.2.1/../../../../arm-none-eabi/lib/thumb/v7e-m+fp/hard/libc.a(lib_a-lock.o)
 .debug_frame   0x000000000000021c       0x34 /Users/jlebar/.platformio/packages/toolchain-gccarmnoneeabi/bin/../lib/gcc/arm-none-eabi/9.2.1/../../../../arm-none-eabi/lib/thumb/v7e-m+fp/hard/libc.a(lib_a-__atexit.o)
